running egg_info
writing build/follow_the_gap/follow_the_gap.egg-info/PKG-INFO
writing dependency_links to build/follow_the_gap/follow_the_gap.egg-info/dependency_links.txt
writing entry points to build/follow_the_gap/follow_the_gap.egg-info/entry_points.txt
writing requirements to build/follow_the_gap/follow_the_gap.egg-info/requires.txt
writing top-level names to build/follow_the_gap/follow_the_gap.egg-info/top_level.txt
reading manifest file 'build/follow_the_gap/follow_the_gap.egg-info/SOURCES.txt'
writing manifest file 'build/follow_the_gap/follow_the_gap.egg-info/SOURCES.txt'
running build
running build_py
copying follow_the_gap/follow_the_gap.py -> /home/matthew/sim_ws/src/follow_the_gap/build/follow_the_gap/build/lib/follow_the_gap
running install
running install_lib
copying /home/matthew/sim_ws/src/follow_the_gap/build/follow_the_gap/build/lib/follow_the_gap/follow_the_gap.py -> /home/matthew/sim_ws/src/follow_the_gap/install/follow_the_gap/lib/python3.12/site-packages/follow_the_gap
byte-compiling /home/matthew/sim_ws/src/follow_the_gap/install/follow_the_gap/lib/python3.12/site-packages/follow_the_gap/follow_the_gap.py to follow_the_gap.cpython-312.pyc
running install_data
running install_egg_info
removing '/home/matthew/sim_ws/src/follow_the_gap/install/follow_the_gap/lib/python3.12/site-packages/follow_the_gap-0.0.0-py3.12.egg-info' (and everything under it)
Copying build/follow_the_gap/follow_the_gap.egg-info to /home/matthew/sim_ws/src/follow_the_gap/install/follow_the_gap/lib/python3.12/site-packages/follow_the_gap-0.0.0-py3.12.egg-info
running install_scripts
Installing follow_the_gap script to /home/matthew/sim_ws/src/follow_the_gap/install/follow_the_gap/lib/follow_the_gap
writing list of installed files to '/home/matthew/sim_ws/src/follow_the_gap/build/follow_the_gap/install.log'
