[1.018s] Invoking command in '/home/matthew/sim_ws/src/vis_marker_data': CONDA_PROMPT_MODIFIER=(base) DEBUGINFOD_URLS=https://debuginfod.ubuntu.com PYTHONPATH=/home/matthew/sim_ws/src/vis_marker_data/build/vis_marker_data/prefix_override:/usr/lib/python3/dist-packages/colcon_core/task/python/colcon_distutils_commands:/home/matthew/sim_ws/src/vis_marker_data/install/vis_marker_data/lib/python3.12/site-packages:${PYTHONPATH} /usr/bin/python3 -W ignore:setup.py install is deprecated -W ignore:easy_install command is deprecated setup.py egg_info --egg-base build/vis_marker_data build --build-base /home/matthew/sim_ws/src/vis_marker_data/build/vis_marker_data/build install --record /home/matthew/sim_ws/src/vis_marker_data/build/vis_marker_data/install.log --single-version-externally-managed install_data
[1.333s] running egg_info
[1.354s] writing build/vis_marker_data/vis_marker_data.egg-info/PKG-INFO
[1.354s] writing dependency_links to build/vis_marker_data/vis_marker_data.egg-info/dependency_links.txt
[1.355s] writing entry points to build/vis_marker_data/vis_marker_data.egg-info/entry_points.txt
[1.355s] writing requirements to build/vis_marker_data/vis_marker_data.egg-info/requires.txt
[1.355s] writing top-level names to build/vis_marker_data/vis_marker_data.egg-info/top_level.txt
[1.397s] reading manifest file 'build/vis_marker_data/vis_marker_data.egg-info/SOURCES.txt'
[1.398s] writing manifest file 'build/vis_marker_data/vis_marker_data.egg-info/SOURCES.txt'
[1.398s] running build
[1.398s] running build_py
[1.398s] copying vis_marker_data/vis_marker_data.py -> /home/matthew/sim_ws/src/vis_marker_data/build/vis_marker_data/build/lib/vis_marker_data
[1.398s] running install
[1.406s] running install_lib
[1.428s] copying /home/matthew/sim_ws/src/vis_marker_data/build/vis_marker_data/build/lib/vis_marker_data/vis_marker_data.py -> /home/matthew/sim_ws/src/vis_marker_data/install/vis_marker_data/lib/python3.12/site-packages/vis_marker_data
[1.429s] byte-compiling /home/matthew/sim_ws/src/vis_marker_data/install/vis_marker_data/lib/python3.12/site-packages/vis_marker_data/vis_marker_data.py to vis_marker_data.cpython-312.pyc
[1.430s] running install_data
[1.430s] running install_egg_info
[1.454s] removing '/home/matthew/sim_ws/src/vis_marker_data/install/vis_marker_data/lib/python3.12/site-packages/vis_marker_data-0.0.0-py3.12.egg-info' (and everything under it)
[1.454s] Copying build/vis_marker_data/vis_marker_data.egg-info to /home/matthew/sim_ws/src/vis_marker_data/install/vis_marker_data/lib/python3.12/site-packages/vis_marker_data-0.0.0-py3.12.egg-info
[1.454s] running install_scripts
[1.600s] Installing vis_marker_data script to /home/matthew/sim_ws/src/vis_marker_data/install/vis_marker_data/lib/vis_marker_data
[1.601s] writing list of installed files to '/home/matthew/sim_ws/src/vis_marker_data/build/vis_marker_data/install.log'
[1.653s] Invoked command in '/home/matthew/sim_ws/src/vis_marker_data' returned '0': CONDA_PROMPT_MODIFIER=(base) DEBUGINFOD_URLS=https://debuginfod.ubuntu.com PYTHONPATH=/home/matthew/sim_ws/src/vis_marker_data/build/vis_marker_data/prefix_override:/usr/lib/python3/dist-packages/colcon_core/task/python/colcon_distutils_commands:/home/matthew/sim_ws/src/vis_marker_data/install/vis_marker_data/lib/python3.12/site-packages:${PYTHONPATH} /usr/bin/python3 -W ignore:setup.py install is deprecated -W ignore:easy_install command is deprecated setup.py egg_info --egg-base build/vis_marker_data build --build-base /home/matthew/sim_ws/src/vis_marker_data/build/vis_marker_data/build install --record /home/matthew/sim_ws/src/vis_marker_data/build/vis_marker_data/install.log --single-version-externally-managed install_data
