running egg_info
creating build/follow_the_gap/follow_the_gap.egg-info
writing build/follow_the_gap/follow_the_gap.egg-info/PKG-INFO
writing dependency_links to build/follow_the_gap/follow_the_gap.egg-info/dependency_links.txt
writing requirements to build/follow_the_gap/follow_the_gap.egg-info/requires.txt
writing top-level names to build/follow_the_gap/follow_the_gap.egg-info/top_level.txt
writing manifest file 'build/follow_the_gap/follow_the_gap.egg-info/SOURCES.txt'
reading manifest file 'build/follow_the_gap/follow_the_gap.egg-info/SOURCES.txt'
writing manifest file 'build/follow_the_gap/follow_the_gap.egg-info/SOURCES.txt'
running build
running build_py
creating /home/matthew/sim_ws/src/follow_the_gap/build/follow_the_gap/build
creating /home/matthew/sim_ws/src/follow_the_gap/build/follow_the_gap/build/lib
creating /home/matthew/sim_ws/src/follow_the_gap/build/follow_the_gap/build/lib/follow_the_gap
copying follow_the_gap/__init__.py -> /home/matthew/sim_ws/src/follow_the_gap/build/follow_the_gap/build/lib/follow_the_gap
running install
running install_lib
creating /home/matthew/sim_ws/src/follow_the_gap/install/follow_the_gap/lib/python3.12/site-packages/follow_the_gap
copying /home/matthew/sim_ws/src/follow_the_gap/build/follow_the_gap/build/lib/follow_the_gap/__init__.py -> /home/matthew/sim_ws/src/follow_the_gap/install/follow_the_gap/lib/python3.12/site-packages/follow_the_gap
byte-compiling /home/matthew/sim_ws/src/follow_the_gap/install/follow_the_gap/lib/python3.12/site-packages/follow_the_gap/__init__.py to __init__.cpython-312.pyc
running install_data
creating /home/matthew/sim_ws/src/follow_the_gap/install/follow_the_gap/share/ament_index
creating /home/matthew/sim_ws/src/follow_the_gap/install/follow_the_gap/share/ament_index/resource_index
creating /home/matthew/sim_ws/src/follow_the_gap/install/follow_the_gap/share/ament_index/resource_index/packages
copying resource/follow_the_gap -> /home/matthew/sim_ws/src/follow_the_gap/install/follow_the_gap/share/ament_index/resource_index/packages
copying package.xml -> /home/matthew/sim_ws/src/follow_the_gap/install/follow_the_gap/share/follow_the_gap
running install_egg_info
Copying build/follow_the_gap/follow_the_gap.egg-info to /home/matthew/sim_ws/src/follow_the_gap/install/follow_the_gap/lib/python3.12/site-packages/follow_the_gap-0.0.0-py3.12.egg-info
running install_scripts
writing list of installed files to '/home/matthew/sim_ws/src/follow_the_gap/build/follow_the_gap/install.log'
