[0.874s] Invoking command in '/home/matthew/sim_ws/src/vis_marker_data': CONDA_PROMPT_MODIFIER=(base) DEBUGINFOD_URLS=https://debuginfod.ubuntu.com PYTHONPATH=/home/matthew/sim_ws/src/vis_marker_data/build/vis_marker_data/prefix_override:/usr/lib/python3/dist-packages/colcon_core/task/python/colcon_distutils_commands:/home/matthew/sim_ws/src/vis_marker_data/install/vis_marker_data/lib/python3.12/site-packages: /usr/bin/python3 -W ignore:setup.py install is deprecated -W ignore:easy_install command is deprecated setup.py egg_info --egg-base build/vis_marker_data build --build-base /home/matthew/sim_ws/src/vis_marker_data/build/vis_marker_data/build install --record /home/matthew/sim_ws/src/vis_marker_data/build/vis_marker_data/install.log --single-version-externally-managed install_data
[1.117s] running egg_info
[1.118s] creating build/vis_marker_data/vis_marker_data.egg-info
[1.129s] writing build/vis_marker_data/vis_marker_data.egg-info/PKG-INFO
[1.129s] writing dependency_links to build/vis_marker_data/vis_marker_data.egg-info/dependency_links.txt
[1.129s] writing entry points to build/vis_marker_data/vis_marker_data.egg-info/entry_points.txt
[1.130s] writing requirements to build/vis_marker_data/vis_marker_data.egg-info/requires.txt
[1.130s] writing top-level names to build/vis_marker_data/vis_marker_data.egg-info/top_level.txt
[1.130s] writing manifest file 'build/vis_marker_data/vis_marker_data.egg-info/SOURCES.txt'
[1.154s] reading manifest file 'build/vis_marker_data/vis_marker_data.egg-info/SOURCES.txt'
[1.155s] writing manifest file 'build/vis_marker_data/vis_marker_data.egg-info/SOURCES.txt'
[1.155s] running build
[1.155s] running build_py
[1.155s] creating /home/matthew/sim_ws/src/vis_marker_data/build/vis_marker_data/build
[1.156s] creating /home/matthew/sim_ws/src/vis_marker_data/build/vis_marker_data/build/lib
[1.156s] creating /home/matthew/sim_ws/src/vis_marker_data/build/vis_marker_data/build/lib/vis_marker_data
[1.156s] copying vis_marker_data/__init__.py -> /home/matthew/sim_ws/src/vis_marker_data/build/vis_marker_data/build/lib/vis_marker_data
[1.156s] running install
[1.164s] running install_lib
[1.176s] creating /home/matthew/sim_ws/src/vis_marker_data/install/vis_marker_data/lib/python3.12/site-packages/vis_marker_data
[1.176s] copying /home/matthew/sim_ws/src/vis_marker_data/build/vis_marker_data/build/lib/vis_marker_data/__init__.py -> /home/matthew/sim_ws/src/vis_marker_data/install/vis_marker_data/lib/python3.12/site-packages/vis_marker_data
[1.176s] byte-compiling /home/matthew/sim_ws/src/vis_marker_data/install/vis_marker_data/lib/python3.12/site-packages/vis_marker_data/__init__.py to __init__.cpython-312.pyc
[1.177s] running install_data
[1.177s] creating /home/matthew/sim_ws/src/vis_marker_data/install/vis_marker_data/share/ament_index
[1.177s] creating /home/matthew/sim_ws/src/vis_marker_data/install/vis_marker_data/share/ament_index/resource_index
[1.177s] creating /home/matthew/sim_ws/src/vis_marker_data/install/vis_marker_data/share/ament_index/resource_index/packages
[1.177s] copying resource/vis_marker_data -> /home/matthew/sim_ws/src/vis_marker_data/install/vis_marker_data/share/ament_index/resource_index/packages
[1.178s] copying package.xml -> /home/matthew/sim_ws/src/vis_marker_data/install/vis_marker_data/share/vis_marker_data
[1.178s] running install_egg_info
[1.191s] Copying build/vis_marker_data/vis_marker_data.egg-info to /home/matthew/sim_ws/src/vis_marker_data/install/vis_marker_data/lib/python3.12/site-packages/vis_marker_data-0.0.0-py3.12.egg-info
[1.191s] running install_scripts
[1.295s] Installing vis_marker_data script to /home/matthew/sim_ws/src/vis_marker_data/install/vis_marker_data/lib/vis_marker_data
[1.296s] writing list of installed files to '/home/matthew/sim_ws/src/vis_marker_data/build/vis_marker_data/install.log'
[1.342s] Invoked command in '/home/matthew/sim_ws/src/vis_marker_data' returned '0': CONDA_PROMPT_MODIFIER=(base) DEBUGINFOD_URLS=https://debuginfod.ubuntu.com PYTHONPATH=/home/matthew/sim_ws/src/vis_marker_data/build/vis_marker_data/prefix_override:/usr/lib/python3/dist-packages/colcon_core/task/python/colcon_distutils_commands:/home/matthew/sim_ws/src/vis_marker_data/install/vis_marker_data/lib/python3.12/site-packages: /usr/bin/python3 -W ignore:setup.py install is deprecated -W ignore:easy_install command is deprecated setup.py egg_info --egg-base build/vis_marker_data build --build-base /home/matthew/sim_ws/src/vis_marker_data/build/vis_marker_data/build install --record /home/matthew/sim_ws/src/vis_marker_data/build/vis_marker_data/install.log --single-version-externally-managed install_data
