[0.526s] Invoking command in '/home/matthew/sim_ws/src/follow_the_gap': CONDA_PROMPT_MODIFIER=(base) DEBUGINFOD_URLS=https://debuginfod.ubuntu.com PYTHONPATH=/home/matthew/sim_ws/src/follow_the_gap/build/follow_the_gap/prefix_override:/usr/lib/python3/dist-packages/colcon_core/task/python/colcon_distutils_commands:/home/matthew/sim_ws/src/follow_the_gap/install/follow_the_gap/lib/python3.12/site-packages:${PYTHONPATH} /usr/bin/python3 -W ignore:setup.py install is deprecated -W ignore:easy_install command is deprecated setup.py egg_info --egg-base build/follow_the_gap build --build-base /home/matthew/sim_ws/src/follow_the_gap/build/follow_the_gap/build install --record /home/matthew/sim_ws/src/follow_the_gap/build/follow_the_gap/install.log --single-version-externally-managed install_data
[0.700s] running egg_info
[0.712s] writing build/follow_the_gap/follow_the_gap.egg-info/PKG-INFO
[0.712s] writing dependency_links to build/follow_the_gap/follow_the_gap.egg-info/dependency_links.txt
[0.712s] writing entry points to build/follow_the_gap/follow_the_gap.egg-info/entry_points.txt
[0.712s] writing requirements to build/follow_the_gap/follow_the_gap.egg-info/requires.txt
[0.712s] writing top-level names to build/follow_the_gap/follow_the_gap.egg-info/top_level.txt
[0.737s] reading manifest file 'build/follow_the_gap/follow_the_gap.egg-info/SOURCES.txt'
[0.737s] writing manifest file 'build/follow_the_gap/follow_the_gap.egg-info/SOURCES.txt'
[0.738s] running build
[0.738s] running build_py
[0.738s] copying follow_the_gap/follow_the_gap.py -> /home/matthew/sim_ws/src/follow_the_gap/build/follow_the_gap/build/lib/follow_the_gap
[0.738s] running install
[0.742s] running install_lib
[0.755s] copying /home/matthew/sim_ws/src/follow_the_gap/build/follow_the_gap/build/lib/follow_the_gap/follow_the_gap.py -> /home/matthew/sim_ws/src/follow_the_gap/install/follow_the_gap/lib/python3.12/site-packages/follow_the_gap
[0.755s] byte-compiling /home/matthew/sim_ws/src/follow_the_gap/install/follow_the_gap/lib/python3.12/site-packages/follow_the_gap/follow_the_gap.py to follow_the_gap.cpython-312.pyc
[0.756s] running install_data
[0.756s] running install_egg_info
[0.769s] removing '/home/matthew/sim_ws/src/follow_the_gap/install/follow_the_gap/lib/python3.12/site-packages/follow_the_gap-0.0.0-py3.12.egg-info' (and everything under it)
[0.769s] Copying build/follow_the_gap/follow_the_gap.egg-info to /home/matthew/sim_ws/src/follow_the_gap/install/follow_the_gap/lib/python3.12/site-packages/follow_the_gap-0.0.0-py3.12.egg-info
[0.770s] running install_scripts
[0.852s] Installing follow_the_gap script to /home/matthew/sim_ws/src/follow_the_gap/install/follow_the_gap/lib/follow_the_gap
[0.852s] writing list of installed files to '/home/matthew/sim_ws/src/follow_the_gap/build/follow_the_gap/install.log'
[0.872s] Invoked command in '/home/matthew/sim_ws/src/follow_the_gap' returned '0': CONDA_PROMPT_MODIFIER=(base) DEBUGINFOD_URLS=https://debuginfod.ubuntu.com PYTHONPATH=/home/matthew/sim_ws/src/follow_the_gap/build/follow_the_gap/prefix_override:/usr/lib/python3/dist-packages/colcon_core/task/python/colcon_distutils_commands:/home/matthew/sim_ws/src/follow_the_gap/install/follow_the_gap/lib/python3.12/site-packages:${PYTHONPATH} /usr/bin/python3 -W ignore:setup.py install is deprecated -W ignore:easy_install command is deprecated setup.py egg_info --egg-base build/follow_the_gap build --build-base /home/matthew/sim_ws/src/follow_the_gap/build/follow_the_gap/build install --record /home/matthew/sim_ws/src/follow_the_gap/build/follow_the_gap/install.log --single-version-externally-managed install_data
