[0.117s] DEBUG:colcon:Command line arguments: ['/usr/bin/colcon', 'build']
[0.117s] DEBUG:colcon:Parsed command line arguments: Namespace(log_base=None, log_level=None, verb_name='build', build_base='build', install_base='install', merge_install=False, symlink_install=False, test_result_base=None, continue_on_error=False, executor='parallel', parallel_workers=12, event_handlers=None, ignore_user_meta=False, metas=['./colcon.meta'], base_paths=['.'], packages_ignore=None, packages_ignore_regex=None, paths=None, packages_up_to=None, packages_up_to_regex=None, packages_above=None, packages_above_and_dependencies=None, packages_above_depth=None, packages_select_by_dep=None, packages_skip_by_dep=None, packages_skip_up_to=None, packages_select_build_failed=False, packages_skip_build_finished=False, packages_select_test_failures=False, packages_skip_test_passed=False, packages_select=None, packages_skip=None, packages_select_regex=None, packages_skip_regex=None, packages_start=None, packages_end=None, allow_overriding=[], cmake_args=None, cmake_target=None, cmake_target_skip_unavailable=False, cmake_clean_cache=False, cmake_clean_first=False, cmake_force_configure=False, ament_cmake_args=None, catkin_cmake_args=None, catkin_skip_building_tests=False, mixin_files=None, mixin=None, verb_parser=<colcon_mixin.mixin.mixin_argument.MixinArgumentDecorator object at 0x7f2b0474ec90>, verb_extension=<colcon_core.verb.build.BuildVerb object at 0x7f2b0474eb40>, main=<bound method BuildVerb.main of <colcon_core.verb.build.BuildVerb object at 0x7f2b0474eb40>>, mixin_verb=('build',))
[0.164s] Level 1:colcon.colcon_core.package_discovery:discover_packages(colcon_meta) check parameters
[0.164s] Level 1:colcon.colcon_core.package_discovery:discover_packages(recursive) check parameters
[0.164s] Level 1:colcon.colcon_core.package_discovery:discover_packages(ignore) check parameters
[0.164s] Level 1:colcon.colcon_core.package_discovery:discover_packages(path) check parameters
[0.164s] Level 1:colcon.colcon_core.package_discovery:discover_packages(colcon_meta) discover
[0.164s] Level 1:colcon.colcon_core.package_discovery:discover_packages(recursive) discover
[0.165s] INFO:colcon.colcon_core.package_discovery:Crawling recursively for packages in '/home/matthew/sim_ws/src/vis_marker_data'
[0.165s] Level 1:colcon.colcon_core.package_identification:_identify(.) by extensions ['ignore', 'ignore_ament_install']
[0.165s] Level 1:colcon.colcon_core.package_identification:_identify(.) by extension 'ignore'
[0.165s] Level 1:colcon.colcon_core.package_identification:_identify(.) by extension 'ignore_ament_install'
[0.165s] Level 1:colcon.colcon_core.package_identification:_identify(.) by extensions ['colcon_pkg']
[0.165s] Level 1:colcon.colcon_core.package_identification:_identify(.) by extension 'colcon_pkg'
[0.165s] Level 1:colcon.colcon_core.package_identification:_identify(.) by extensions ['colcon_meta']
[0.165s] Level 1:colcon.colcon_core.package_identification:_identify(.) by extension 'colcon_meta'
[0.165s] Level 1:colcon.colcon_core.package_identification:_identify(.) by extensions ['ros']
[0.165s] Level 1:colcon.colcon_core.package_identification:_identify(.) by extension 'ros'
[0.202s] DEBUG:colcon.colcon_core.package_identification:Package '.' with type 'ros.ament_python' and name 'vis_marker_data'
[0.202s] Level 1:colcon.colcon_core.package_discovery:discover_packages(recursive) using defaults
[0.202s] Level 1:colcon.colcon_core.package_discovery:discover_packages(ignore) discover
[0.202s] Level 1:colcon.colcon_core.package_discovery:discover_packages(ignore) using defaults
[0.202s] Level 1:colcon.colcon_core.package_discovery:discover_packages(path) discover
[0.202s] Level 1:colcon.colcon_core.package_discovery:discover_packages(path) using defaults
[0.224s] Level 1:colcon.colcon_core.package_discovery:discover_packages(prefix_path) check parameters
[0.225s] Level 1:colcon.colcon_core.package_discovery:discover_packages(prefix_path) discover
[0.225s] Level 1:colcon.colcon_core.package_discovery:discover_packages(prefix_path) using defaults
[0.226s] Level 5:colcon.colcon_core.verb:set package 'vis_marker_data' build argument 'cmake_args' from command line to 'None'
[0.226s] Level 5:colcon.colcon_core.verb:set package 'vis_marker_data' build argument 'cmake_target' from command line to 'None'
[0.227s] Level 5:colcon.colcon_core.verb:set package 'vis_marker_data' build argument 'cmake_target_skip_unavailable' from command line to 'False'
[0.227s] Level 5:colcon.colcon_core.verb:set package 'vis_marker_data' build argument 'cmake_clean_cache' from command line to 'False'
[0.227s] Level 5:colcon.colcon_core.verb:set package 'vis_marker_data' build argument 'cmake_clean_first' from command line to 'False'
[0.227s] Level 5:colcon.colcon_core.verb:set package 'vis_marker_data' build argument 'cmake_force_configure' from command line to 'False'
[0.227s] Level 5:colcon.colcon_core.verb:set package 'vis_marker_data' build argument 'ament_cmake_args' from command line to 'None'
[0.227s] Level 5:colcon.colcon_core.verb:set package 'vis_marker_data' build argument 'catkin_cmake_args' from command line to 'None'
[0.227s] Level 5:colcon.colcon_core.verb:set package 'vis_marker_data' build argument 'catkin_skip_building_tests' from command line to 'False'
[0.227s] DEBUG:colcon.colcon_core.verb:Building package 'vis_marker_data' with the following arguments: {'ament_cmake_args': None, 'build_base': '/home/matthew/sim_ws/src/vis_marker_data/build/vis_marker_data', 'catkin_cmake_args': None, 'catkin_skip_building_tests': False, 'cmake_args': None, 'cmake_clean_cache': False, 'cmake_clean_first': False, 'cmake_force_configure': False, 'cmake_target': None, 'cmake_target_skip_unavailable': False, 'install_base': '/home/matthew/sim_ws/src/vis_marker_data/install/vis_marker_data', 'merge_install': False, 'path': '/home/matthew/sim_ws/src/vis_marker_data', 'symlink_install': False, 'test_result_base': None}
[0.227s] INFO:colcon.colcon_core.executor:Executing jobs using 'parallel' executor
[0.228s] DEBUG:colcon.colcon_parallel_executor.executor.parallel:run_until_complete
[0.228s] INFO:colcon.colcon_ros.task.ament_python.build:Building ROS package in '/home/matthew/sim_ws/src/vis_marker_data' with build type 'ament_python'
[0.229s] Level 1:colcon.colcon_core.shell:create_environment_hook('vis_marker_data', 'ament_prefix_path')
[0.231s] INFO:colcon.colcon_core.plugin_system:Skipping extension 'colcon_core.shell.bat': Not used on non-Windows systems
[0.231s] INFO:colcon.colcon_core.shell:Creating environment hook '/home/matthew/sim_ws/src/vis_marker_data/install/vis_marker_data/share/vis_marker_data/hook/ament_prefix_path.ps1'
[0.232s] INFO:colcon.colcon_core.shell:Creating environment descriptor '/home/matthew/sim_ws/src/vis_marker_data/install/vis_marker_data/share/vis_marker_data/hook/ament_prefix_path.dsv'
[0.232s] INFO:colcon.colcon_core.shell:Creating environment hook '/home/matthew/sim_ws/src/vis_marker_data/install/vis_marker_data/share/vis_marker_data/hook/ament_prefix_path.sh'
[0.233s] INFO:colcon.colcon_core.shell:Skip shell extension 'powershell' for command environment: Not usable outside of PowerShell
[0.233s] DEBUG:colcon.colcon_core.shell:Skip shell extension 'dsv' for command environment
[0.516s] INFO:colcon.colcon_core.task.python.build:Building Python package in '/home/matthew/sim_ws/src/vis_marker_data'
[0.516s] INFO:colcon.colcon_core.shell:Skip shell extension 'powershell' for command environment: Not usable outside of PowerShell
[0.516s] DEBUG:colcon.colcon_core.shell:Skip shell extension 'dsv' for command environment
[1.104s] DEBUG:colcon.colcon_core.event_handler.log_command:Invoking command in '/home/matthew/sim_ws/src/vis_marker_data': CONDA_PROMPT_MODIFIER=(base) DEBUGINFOD_URLS=https://debuginfod.ubuntu.com PYTHONPATH=/home/matthew/sim_ws/src/vis_marker_data/build/vis_marker_data/prefix_override:/usr/lib/python3/dist-packages/colcon_core/task/python/colcon_distutils_commands:/home/matthew/sim_ws/src/vis_marker_data/install/vis_marker_data/lib/python3.12/site-packages: /usr/bin/python3 -W ignore:setup.py install is deprecated -W ignore:easy_install command is deprecated setup.py egg_info --egg-base build/vis_marker_data build --build-base /home/matthew/sim_ws/src/vis_marker_data/build/vis_marker_data/build install --record /home/matthew/sim_ws/src/vis_marker_data/build/vis_marker_data/install.log --single-version-externally-managed install_data
[1.572s] DEBUG:colcon.colcon_core.event_handler.log_command:Invoked command in '/home/matthew/sim_ws/src/vis_marker_data' returned '0': CONDA_PROMPT_MODIFIER=(base) DEBUGINFOD_URLS=https://debuginfod.ubuntu.com PYTHONPATH=/home/matthew/sim_ws/src/vis_marker_data/build/vis_marker_data/prefix_override:/usr/lib/python3/dist-packages/colcon_core/task/python/colcon_distutils_commands:/home/matthew/sim_ws/src/vis_marker_data/install/vis_marker_data/lib/python3.12/site-packages: /usr/bin/python3 -W ignore:setup.py install is deprecated -W ignore:easy_install command is deprecated setup.py egg_info --egg-base build/vis_marker_data build --build-base /home/matthew/sim_ws/src/vis_marker_data/build/vis_marker_data/build install --record /home/matthew/sim_ws/src/vis_marker_data/build/vis_marker_data/install.log --single-version-externally-managed install_data
[1.576s] Level 1:colcon.colcon_core.environment:checking '/home/matthew/sim_ws/src/vis_marker_data/install/vis_marker_data' for CMake module files
[1.577s] Level 1:colcon.colcon_core.environment:checking '/home/matthew/sim_ws/src/vis_marker_data/install/vis_marker_data' for CMake config files
[1.578s] Level 1:colcon.colcon_core.environment:checking '/home/matthew/sim_ws/src/vis_marker_data/install/vis_marker_data/lib'
[1.578s] Level 1:colcon.colcon_core.environment:checking '/home/matthew/sim_ws/src/vis_marker_data/install/vis_marker_data/bin'
[1.579s] Level 1:colcon.colcon_core.environment:checking '/home/matthew/sim_ws/src/vis_marker_data/install/vis_marker_data/lib/pkgconfig/vis_marker_data.pc'
[1.579s] Level 1:colcon.colcon_core.environment:checking '/home/matthew/sim_ws/src/vis_marker_data/install/vis_marker_data/lib/python3.12/site-packages'
[1.579s] Level 1:colcon.colcon_core.shell:create_environment_hook('vis_marker_data', 'pythonpath')
[1.580s] INFO:colcon.colcon_core.shell:Creating environment hook '/home/matthew/sim_ws/src/vis_marker_data/install/vis_marker_data/share/vis_marker_data/hook/pythonpath.ps1'
[1.581s] INFO:colcon.colcon_core.shell:Creating environment descriptor '/home/matthew/sim_ws/src/vis_marker_data/install/vis_marker_data/share/vis_marker_data/hook/pythonpath.dsv'
[1.581s] INFO:colcon.colcon_core.shell:Creating environment hook '/home/matthew/sim_ws/src/vis_marker_data/install/vis_marker_data/share/vis_marker_data/hook/pythonpath.sh'
[1.582s] Level 1:colcon.colcon_core.environment:checking '/home/matthew/sim_ws/src/vis_marker_data/install/vis_marker_data/bin'
[1.582s] Level 1:colcon.colcon_core.environment:create_environment_scripts_only(vis_marker_data)
[1.583s] INFO:colcon.colcon_core.shell:Creating package script '/home/matthew/sim_ws/src/vis_marker_data/install/vis_marker_data/share/vis_marker_data/package.ps1'
[1.584s] INFO:colcon.colcon_core.shell:Creating package descriptor '/home/matthew/sim_ws/src/vis_marker_data/install/vis_marker_data/share/vis_marker_data/package.dsv'
[1.584s] INFO:colcon.colcon_core.shell:Creating package script '/home/matthew/sim_ws/src/vis_marker_data/install/vis_marker_data/share/vis_marker_data/package.sh'
[1.585s] INFO:colcon.colcon_core.shell:Creating package script '/home/matthew/sim_ws/src/vis_marker_data/install/vis_marker_data/share/vis_marker_data/package.bash'
[1.586s] INFO:colcon.colcon_core.shell:Creating package script '/home/matthew/sim_ws/src/vis_marker_data/install/vis_marker_data/share/vis_marker_data/package.zsh'
[1.587s] Level 1:colcon.colcon_core.environment:create_file_with_runtime_dependencies(/home/matthew/sim_ws/src/vis_marker_data/install/vis_marker_data/share/colcon-core/packages/vis_marker_data)
[1.588s] DEBUG:colcon.colcon_parallel_executor.executor.parallel:closing loop
[1.588s] DEBUG:colcon.colcon_parallel_executor.executor.parallel:loop closed
[1.588s] DEBUG:colcon.colcon_parallel_executor.executor.parallel:run_until_complete finished with '0'
[1.588s] DEBUG:colcon.colcon_core.event_reactor:joining thread
[1.603s] INFO:colcon.colcon_core.plugin_system:Skipping extension 'colcon_notification.desktop_notification.terminal_notifier': Not used on non-Darwin systems
[1.603s] INFO:colcon.colcon_core.plugin_system:Skipping extension 'colcon_notification.desktop_notification.win32': Not used on non-Windows systems
[1.603s] INFO:colcon.colcon_notification.desktop_notification:Sending desktop notification using 'notify2'
[1.636s] DEBUG:colcon.colcon_core.event_reactor:joined thread
[1.637s] INFO:colcon.colcon_core.shell:Creating prefix script '/home/matthew/sim_ws/src/vis_marker_data/install/local_setup.ps1'
[1.639s] INFO:colcon.colcon_core.shell:Creating prefix util module '/home/matthew/sim_ws/src/vis_marker_data/install/_local_setup_util_ps1.py'
[1.641s] INFO:colcon.colcon_core.shell:Creating prefix chain script '/home/matthew/sim_ws/src/vis_marker_data/install/setup.ps1'
[1.642s] INFO:colcon.colcon_core.shell:Creating prefix script '/home/matthew/sim_ws/src/vis_marker_data/install/local_setup.sh'
[1.642s] INFO:colcon.colcon_core.shell:Creating prefix util module '/home/matthew/sim_ws/src/vis_marker_data/install/_local_setup_util_sh.py'
[1.644s] INFO:colcon.colcon_core.shell:Creating prefix chain script '/home/matthew/sim_ws/src/vis_marker_data/install/setup.sh'
[1.645s] INFO:colcon.colcon_core.shell:Creating prefix script '/home/matthew/sim_ws/src/vis_marker_data/install/local_setup.bash'
[1.645s] INFO:colcon.colcon_core.shell:Creating prefix chain script '/home/matthew/sim_ws/src/vis_marker_data/install/setup.bash'
[1.648s] INFO:colcon.colcon_core.shell:Creating prefix script '/home/matthew/sim_ws/src/vis_marker_data/install/local_setup.zsh'
[1.649s] INFO:colcon.colcon_core.shell:Creating prefix chain script '/home/matthew/sim_ws/src/vis_marker_data/install/setup.zsh'
